// Jest Snapshot v1, https://goo.gl/fbAQLP

exports[`Renders correctly 1`] = `
[
  <footer
    className="footer"
  >
    ©2018–
    2023
     Jay Posten
  </footer>,
  <script
    src={{}}
    type="text/javascript"
  />,
]
`;
