// Jest Snapshot v1, https://goo.gl/fbAQLP

exports[`Renders correctly 1`] = `
<div
  className="headers"
>
  <h1
    className="header"
  >
    Jay Posten
  </h1>
  <h2
    className="subheader"
  >
    Software Engineer
  </h2>
</div>
`;
