// Jest Snapshot v1, https://goo.gl/fbAQLP

exports[`Renders correctly 1`] = `
<div
  className="jobContainer jobContainer--right"
  data-testid="job-0"
>
  <div
    className="job"
  >
    <div
      className="imgContainer"
    >
      <picture>
        <source
          media="(max-width: 519px)"
          srcSet="img/job_saatva_m.webp"
          type="image/webp"
        />
        <source
          media="(max-width: 519px)"
          srcSet="img/job_saatva_m.jpg"
          type="image/jpeg"
        />
        <source
          media="(max-width: 739px)"
          srcSet="img/job_saatva_t.webp"
          type="image/webp"
        />
        <source
          media="(max-width: 739px)"
          srcSet="img/job_saatva_t.jpg"
          type="image/jpeg"
        />
        <source
          srcSet="img/job_saatva.webp"
          type="image/webp"
        />
        <source
          srcSet="img/job_saatva.jpg"
          type="image/jpeg"
        />
        <img
          alt="Software Engineer II"
          className=""
          loading="lazy"
          sizes="(max-width: 519px) 460px, (max-width: 739px) 100px, 125px"
          src="img/job_saatva.jpg"
          srcSet="img/job_saatva.jpg 460w, img/job_saatva.jpg 100w, 125w"
        />
      </picture>
    </div>
    <div
      className="content"
    >
      <span
        className="date"
      >
        November 2018
        â€“
        December 2020
      </span>
      <h4
        className="title"
      >
        Software Engineer II
      </h4>
      <h5
        className="subtitle"
      >
        Saatva
      </h5>
      <p
        className="description"
      >
        Full-stack work on a large e-commerce platform. HTML, SASS, JavaScript, React, Node, Express, PHP, GraphQL, SQL.
      </p>
    </div>
  </div>
</div>
`;
